/Users/namvt/cobolai/Online-Banking-System-master/src/main/java/com/userfront/service/AccountService.java
/Users/namvt/cobolai/Online-Banking-System-master/src/main/java/com/userfront/config/SecurityConfig.java
/Users/namvt/cobolai/Online-Banking-System-master/src/main/java/com/userfront/dao/PrimaryTransactionDao.java
/Users/namvt/cobolai/Online-Banking-System-master/src/main/java/com/userfront/controller/PromotionController.java
/Users/namvt/cobolai/Online-Banking-System-master/src/main/java/com/userfront/domain/security/UserRole.java
/Users/namvt/cobolai/Online-Banking-System-master/src/main/java/com/userfront/service/UserServiceImpl/TransactionServiceImpl.java
/Users/namvt/cobolai/Online-Banking-System-master/src/main/java/com/userfront/controller/AccountClassificationController.java
/Users/namvt/cobolai/Online-Banking-System-master/src/main/java/com/userfront/service/CompanyService.java
/Users/namvt/cobolai/Online-Banking-System-master/src/main/java/com/userfront/service/UserServiceImpl/AppointmentServiceImpl.java
/Users/namvt/cobolai/Online-Banking-System-master/src/main/java/com/userfront/domain/SavingsTransaction.java
/Users/namvt/cobolai/Online-Banking-System-master/src/main/java/com/userfront/domain/Recipient.java
/Users/namvt/cobolai/Online-Banking-System-master/src/main/java/com/userfront/service/UserServiceImpl/CompanyServiceImpl.java
/Users/namvt/cobolai/Online-Banking-System-master/src/main/java/com/userfront/service/TransactionService.java
/Users/namvt/cobolai/Online-Banking-System-master/src/main/java/com/userfront/resource/AppointmentResource.java
/Users/namvt/cobolai/Online-Banking-System-master/src/main/java/com/userfront/domain/Appointment.java
/Users/namvt/cobolai/Online-Banking-System-master/src/main/java/com/userfront/UserFrontApplication.java
/Users/namvt/cobolai/Online-Banking-System-master/src/main/java/com/userfront/service/UserServiceImpl/UserServiceImpl.java
/Users/namvt/cobolai/Online-Banking-System-master/src/main/java/com/userfront/controller/UserController.java
/Users/namvt/cobolai/Online-Banking-System-master/src/main/java/com/userfront/service/AppointmentService.java
/Users/namvt/cobolai/Online-Banking-System-master/src/main/java/com/userfront/domain/SavingsAccount.java
/Users/namvt/cobolai/Online-Banking-System-master/src/main/java/com/userfront/controller/CompanyEmployeeController.java
/Users/namvt/cobolai/Online-Banking-System-master/src/main/java/com/userfront/dao/RoleDao.java
/Users/namvt/cobolai/Online-Banking-System-master/src/main/java/com/userfront/domain/security/Authority.java
/Users/namvt/cobolai/Online-Banking-System-master/src/main/java/com/userfront/domain/PrimaryTransaction.java
/Users/namvt/cobolai/Online-Banking-System-master/src/main/java/com/userfront/dao/SavingsTransactionDao.java
/Users/namvt/cobolai/Online-Banking-System-master/src/main/java/com/userfront/dao/CompanyDao.java
/Users/namvt/cobolai/Online-Banking-System-master/src/main/java/com/userfront/controller/HomeController.java
/Users/namvt/cobolai/Online-Banking-System-master/src/main/java/com/userfront/controller/TransferController.java
/Users/namvt/cobolai/Online-Banking-System-master/src/main/java/com/userfront/domain/PrimaryAccount.java
/Users/namvt/cobolai/Online-Banking-System-master/src/main/java/com/userfront/dao/RecipientDao.java
/Users/namvt/cobolai/Online-Banking-System-master/src/main/java/com/userfront/service/UserServiceImpl/AccountServiceImpl.java
/Users/namvt/cobolai/Online-Banking-System-master/src/main/java/com/userfront/domain/security/Role.java
/Users/namvt/cobolai/Online-Banking-System-master/src/main/java/com/userfront/resource/UserResource.java
/Users/namvt/cobolai/Online-Banking-System-master/src/main/java/com/userfront/domain/Company.java
/Users/namvt/cobolai/Online-Banking-System-master/src/main/java/com/userfront/controller/AccountController.java
/Users/namvt/cobolai/Online-Banking-System-master/src/main/java/com/userfront/dao/UserDao.java
/Users/namvt/cobolai/Online-Banking-System-master/src/main/java/com/userfront/config/RequestFilter.java
/Users/namvt/cobolai/Online-Banking-System-master/src/main/java/com/userfront/controller/CompanyController.java
/Users/namvt/cobolai/Online-Banking-System-master/src/main/java/com/userfront/service/UserServiceImpl/UserSecurityService.java
/Users/namvt/cobolai/Online-Banking-System-master/src/main/java/com/userfront/dao/PrimaryAccountDao.java
/Users/namvt/cobolai/Online-Banking-System-master/src/main/java/com/userfront/dao/SavingsAccountDao.java
/Users/namvt/cobolai/Online-Banking-System-master/src/main/java/com/userfront/domain/User.java
/Users/namvt/cobolai/Online-Banking-System-master/src/main/java/com/userfront/controller/AppointmentController.java
/Users/namvt/cobolai/Online-Banking-System-master/src/main/java/com/userfront/dao/AppointmentDao.java
/Users/namvt/cobolai/Online-Banking-System-master/src/main/java/com/userfront/service/UserService.java
